BANG ! null
BANG_EQUAL != null
EQUAL_EQUAL == null
EOF  null
