LEFT_BRACE { null
LEFT_BRACE { null
RIGHT_BRACE } null
RIGHT_BRACE } null
EOF  null
