COMMA , null
DOT . null
LEFT_PAREN ( null
EOF  null
