inner bar
outer world
global hello
outer bar
outer world
global hello
global bar
global world
global hello
