NUMBER 42 42.0
NUMBER 1234.1234 1234.1234
NUMBER 0 0.0
EOF  null
