EQUAL = null
LEFT_BRACE { null
EQUAL_EQUAL == null
EQUAL = null
RIGHT_BRACE } null
EOF  null
