IDENTIFIER foo null
IDENTIFIER bar null
IDENTIFIER _hello null
EOF  null
