NUMBER 42 42.0
NUMBER 1234.1234 1234.1234
EOF  null
