LESS < null
LESS_EQUAL <= null
GREATER > null
GREATER_EQUAL >= null
EOF  null
