false
36
10
78

There should be an empty line above this.
